INFO    : Since no target was supplied, we will use "course".

INFO    : Generating any needed assets.
INFO    : XSL conversion of /Users/waltondb/Library/CloudStorage/OneDrive-JamesMadisonUniversity/Teaching/231-1268-Fall26/pretext/source/main.ptx by /Users/waltondb/.ptx/2.50.0/core/xsl/utilities/pretext-enhanced-source.xsl
INFO    : successful application of /Users/waltondb/.ptx/2.50.0/core/xsl/utilities/pretext-enhanced-source.xsl
WARNING : PreTeXt source did not pass schema validation (8 messages); unexpected output may result. Continuing anyway.
WARNING :   Messages: /Users/waltondb/Library/CloudStorage/OneDrive-JamesMadisonUniversity/Teaching/231-1268-Fall26/pretext/logs/schema-errors.log
WARNING :   Line numbers refer to the assembled source: /Users/waltondb/Library/CloudStorage/OneDrive-JamesMadisonUniversity/Teaching/231-1268-Fall26/pretext/logs/schema-assembled-source.xml
WARNING :   Run `pretext validate` for a report that names the source files.
INFO    : discovering source file's directory name: /Users/waltondb/Library/CloudStorage/OneDrive-JamesMadisonUniversity/Teaching/231-1268-Fall26/pretext/source
INFO    : verifying and expanding input directory: /Users/waltondb/Library/CloudStorage/OneDrive-JamesMadisonUniversity/Teaching/231-1268-Fall26/pretext/source/../assets
INFO    : input directory expanded to absolute path: /Users/waltondb/Library/CloudStorage/OneDrive-JamesMadisonUniversity/Teaching/231-1268-Fall26/pretext/assets
INFO    : Creating temporary dynamic exercise setup JSON: /var/folders/x9/k93j0vv53_z04hnlg69hmc4w0000gr/T/ptx-2vpxgdwh/dynamic-setup.json
INFO    : XSL conversion of /Users/waltondb/Library/CloudStorage/OneDrive-JamesMadisonUniversity/Teaching/231-1268-Fall26/pretext/source/main.ptx by /Users/waltondb/.ptx/2.50.0/core/xsl/extract-dynamic.xsl
INFO    : successful application of /Users/waltondb/.ptx/2.50.0/core/xsl/extract-dynamic.xsl
INFO    : Generating substitutions.
ERROR   : PTX:ERROR:   the setup of dynamic exercise "P1_Linear_Modeling" (assembly id: P1_Linear_Modeling) failed, so its content cannot be generated for static output.  The expression S_0 / 2 is expected to be a constant but depends on variables.
ERROR   : PTX:ERROR:   1 problem(s) occurred generating dynamic substitutions.  The affected substitutions read "[ERROR generating substitution]" in static output.
ERROR   : Some dynamic substitutions could not be generated.  The affected exercises will read "[ERROR generating substitution]" in static output.  See the messages above.
INFO    : Removing temporary directory /var/folders/x9/k93j0vv53_z04hnlg69hmc4w0000gr/T/ptx-2vpxgdwh
INFO    : Finished generating assets.

FATAL   : There were errors during the generate process.  See above.
INFO    : ------------------------
exit    : Generating assets as failed.  Exiting...
INFO    : 
----------------------------------------------------
INFO    : While running pretext, the following errors occurred:

INFO    : (see log messages above or in the 'logs' folder for more information)
INFO    : ----------------------------------------------------
