INFO    : Since no target was supplied, we will use "course".

INFO    : Building target course
INFO    : XSL conversion of /Users/waltondb/Library/CloudStorage/OneDrive-JamesMadisonUniversity/Teaching/231-1268-Fall26/pretext/source/main.ptx by /Users/waltondb/.ptx/2.50.0/core/xsl/utilities/pretext-enhanced-source.xsl
INFO    : successful application of /Users/waltondb/.ptx/2.50.0/core/xsl/utilities/pretext-enhanced-source.xsl
WARNING : PreTeXt source did not pass schema validation (8 messages); unexpected output may result. Continuing anyway.
WARNING :   Messages: /Users/waltondb/Library/CloudStorage/OneDrive-JamesMadisonUniversity/Teaching/231-1268-Fall26/pretext/logs/schema-errors.log
WARNING :   Line numbers refer to the assembled source: /Users/waltondb/Library/CloudStorage/OneDrive-JamesMadisonUniversity/Teaching/231-1268-Fall26/pretext/logs/schema-assembled-source.xml
WARNING :   Run `pretext validate` for a report that names the source files.
INFO    : discovering source file's directory name: /Users/waltondb/Library/CloudStorage/OneDrive-JamesMadisonUniversity/Teaching/231-1268-Fall26/pretext/source
INFO    : verifying and expanding input directory: /Users/waltondb/Library/CloudStorage/OneDrive-JamesMadisonUniversity/Teaching/231-1268-Fall26/pretext/source/../assets
INFO    : input directory expanded to absolute path: /Users/waltondb/Library/CloudStorage/OneDrive-JamesMadisonUniversity/Teaching/231-1268-Fall26/pretext/assets
INFO    : Generating any needed assets.
INFO    : Finished generating assets.

INFO    : Preparing to build into /Users/waltondb/Library/CloudStorage/OneDrive-JamesMadisonUniversity/Teaching/231-1268-Fall26/pretext/output/course.
INFO    : XSL conversion of /Users/waltondb/Library/CloudStorage/OneDrive-JamesMadisonUniversity/Teaching/231-1268-Fall26/pretext/source/main.ptx by /Users/waltondb/.ptx/2.50.0/core/xsl/utilities/report-publisher-variables.xsl
INFO    : successful application of /Users/waltondb/.ptx/2.50.0/core/xsl/utilities/report-publisher-variables.xsl
INFO    : Downloading rs services file from https://runestone.academy/cdn/runestone/latest/webpack_static_imports.xml.
INFO    : Runestone Services via online CDN query: version 8.2.7
INFO    : Downloading Runestone Services, version 8.2.7
INFO    : Extracting Runestone Services from archive file
INFO    : Building custom css theme: theme-denver
INFO    : converting /Users/waltondb/Library/CloudStorage/OneDrive-JamesMadisonUniversity/Teaching/231-1268-Fall26/pretext/source/main.ptx to HTML in /var/folders/x9/k93j0vv53_z04hnlg69hmc4w0000gr/T/ptx-_rouizvu
INFO    : XSL conversion of /Users/waltondb/Library/CloudStorage/OneDrive-JamesMadisonUniversity/Teaching/231-1268-Fall26/pretext/source/main.ptx by /Users/waltondb/.ptx/2.50.0/core/xsl/pretext-html.xsl
INFO    : messages from the log for XSL processing (prefaced with a *):
INFO    : * PTX:INFO:   checking all deprecated elements.
INFO    : successful application of /Users/waltondb/.ptx/2.50.0/core/xsl/pretext-html.xsl
INFO    : Removing temporary directory /var/folders/x9/k93j0vv53_z04hnlg69hmc4w0000gr/T/ptx-_rouizvu
INFO    : Removing temporary directory /var/folders/x9/k93j0vv53_z04hnlg69hmc4w0000gr/T/ptx-sdxr8r5l
INFO    : 
Finished build for target course. Run `pretext view course` to see the results.

INFO    : 
Success!  Built requested target(s) without errors.

INFO    : 
