INFO    : Building target course
INFO    : XSL conversion of /Users/waltondb/Documents/PreTeXt-Projects/math231_fa26/source/main.ptx by /Users/waltondb/.ptx/2.50.0/core/xsl/utilities/pretext-enhanced-source.xsl
INFO    : successful application of /Users/waltondb/.ptx/2.50.0/core/xsl/utilities/pretext-enhanced-source.xsl
WARNING : PreTeXt source did not pass schema validation (30 messages); unexpected output may result. Continuing anyway.
WARNING :   Messages: /Users/waltondb/Documents/PreTeXt-Projects/math231_fa26/logs/schema-errors.log
WARNING :   Line numbers refer to the assembled source: /Users/waltondb/Documents/PreTeXt-Projects/math231_fa26/logs/schema-assembled-source.xml
WARNING :   Run `pretext validate` for a report that names the source files.
INFO    : discovering source file's directory name: /Users/waltondb/Documents/PreTeXt-Projects/math231_fa26/source
INFO    : verifying and expanding input directory: /Users/waltondb/Documents/PreTeXt-Projects/math231_fa26/source/../assets
INFO    : input directory expanded to absolute path: /Users/waltondb/Documents/PreTeXt-Projects/math231_fa26/assets
INFO    : Generating any needed assets.
INFO    : Finished generating assets.

INFO    : Preparing to build into /Users/waltondb/Documents/PreTeXt-Projects/math231_fa26/output/course.
INFO    : XSL conversion of /Users/waltondb/Documents/PreTeXt-Projects/math231_fa26/source/main.ptx by /Users/waltondb/.ptx/2.50.0/core/xsl/utilities/report-publisher-variables.xsl
INFO    : successful application of /Users/waltondb/.ptx/2.50.0/core/xsl/utilities/report-publisher-variables.xsl
INFO    : Downloading rs services file from https://runestone.academy/cdn/runestone/latest/webpack_static_imports.xml.
INFO    : Runestone Services via online CDN query: version 8.2.9
INFO    : Downloading Runestone Services, version 8.2.9
INFO    : Extracting Runestone Services from archive file
INFO    : Building custom css theme: theme-denver
INFO    : converting /Users/waltondb/Documents/PreTeXt-Projects/math231_fa26/source/main.ptx to HTML in /var/folders/x9/k93j0vv53_z04hnlg69hmc4w0000gr/T/ptx-vv3z5mgt
INFO    : XSL conversion of /Users/waltondb/Documents/PreTeXt-Projects/math231_fa26/source/main.ptx by /Users/waltondb/.ptx/2.50.0/core/xsl/pretext-html.xsl
INFO    : messages from the log for XSL processing (prefaced with a *):
INFO    : * PTX:INFO:   checking all deprecated elements.
WARNING : * PTX:DEPRECATE: (2026-05-11) the "me" and "men" elements have been deprecated.  The replacement is an "md" with no "mrow" children, and numbering is controlled by the "@number" attribute, or a global setting in "docinfo". (1 time)
INFO    : *              located at: pretext/book/chapter/worksheet/definition/statement/p/me
INFO    : *              located within: "def-slope-point-slope" (xml:id)
INFO    : * --------------
INFO    : successful application of /Users/waltondb/.ptx/2.50.0/core/xsl/pretext-html.xsl
INFO    : Removing temporary directory /var/folders/x9/k93j0vv53_z04hnlg69hmc4w0000gr/T/ptx-vv3z5mgt
INFO    : Removing temporary directory /var/folders/x9/k93j0vv53_z04hnlg69hmc4w0000gr/T/ptx-q56gr67l
INFO    : 
Finished build for target course. Run `pretext view course` to see the results.

INFO    : 
Success!  Built requested target(s) without errors.

INFO    : 
